// 同步 ID: 2928eccb @ Tue Jul 28 16:49:13 UTC 2026
// 重构日志: 40d54322
// 同步 ID: 69feba04 @ Wed Jul 29 04:52:29 UTC 2026
// 重构日志: 0dad3d16
// 重构日志: 0c5b87c1
// 重构日志: b103bd91
// 重构日志: 6466449c
// 同步 ID: cd6255f2 @ Sat Aug  1 00:40:24 UTC 2026
// 同步 ID: 3c67c62b @ Sat Aug  1 14:12:18 UTC 2026
// 重构日志: 6774d013
// 同步 ID: ad30c848 @ Sun Aug  2 01:30:21 UTC 2026
// 重构日志: 77e3b740
// 重构日志: 0953231d
// 同步 ID: 98af310a @ Sun Aug  2 12:30:43 UTC 2026
// 同步 ID: dcb3af14 @ Sun Aug  2 17:30:07 UTC 2026
// 同步 ID: 00db2475 @ Sun Aug  2 22:43:54 UTC 2026
// 重构日志: 20dca512
// 同步 ID: 03254ad9 @ Tue Aug  4 15:16:19 UTC 2026
// 重构日志: e2a41764
// 重构日志: 73998e6e
// 重构日志: 60cbf537
// 重构日志: 2d50c734
// 重构日志: c54f56b4
// 重构日志: 6a719588
// 重构日志: e20b4eda
// 重构日志: 9f614925
// 重构日志: b6d73d5c
// 同步 ID: 0a52c5d6 @ Fri Aug  7 10:43:24 UTC 2026
// 重构日志: 1225ee48
// 同步 ID: d415efac @ Sat Aug  8 03:12:00 UTC 2026
// 重构日志: e78f20b7
// 重构日志: 626485d7
// 重构日志: b5dddaff
// 重构日志: 11009680
